../Core/Src/main.c:71:6:JoyStick	8	static
../Core/Src/main.c:84:11:Dir_Joystick	4	static
../Core/Src/main.c:103:5:main	8	static
../Core/Src/main.c:152:6:SystemClock_Config	88	static
../Core/Src/main.c:198:13:MX_ADC1_Init	24	static
../Core/Src/main.c:259:13:MX_TIM2_Init	32	static
../Core/Src/main.c:307:13:MX_TIM3_Init	48	static
../Core/Src/main.c:356:13:MX_USART2_UART_Init	8	static
../Core/Src/main.c:387:13:MX_DMA_Init	16	static
../Core/Src/main.c:405:13:MX_GPIO_Init	48	static
../Core/Src/main.c:451:6:Error_Handler	4	static,ignoring_inline_asm
