../Core/Src/main.c:99:11:Dir_Joystick	4	static
../Core/Src/main.c:109:6:Move_Pacman	16	static
../Core/Src/main.c:152:6:LCD_Display_Charactor	32	static
../Core/Src/main.c:182:6:Move_Enemy	24	static
../Core/Src/main.c:213:6:LCD_Display_Enemy	32	static
../Core/Src/main.c:220:13:GameStatus	32	static
../Core/Src/main.c:275:6:LevelupInit	24	static
../Core/Src/main.c:293:6:HAL_TIM_PeriodElapsedCallback	16	static
../Core/Src/main.c:299:6:StartSound	8	static
../Core/Src/main.c:314:6:LoseSound	8	static
../Core/Src/main.c:334:6:WinSound	8	static
../Core/Src/main.c:382:5:main	376	static
../Core/Src/main.c:539:6:SystemClock_Config	88	static
../Core/Src/main.c:588:6:Error_Handler	4	static,ignoring_inline_asm
