../Core/Src/main.c:65:5:__io_putchar	16	static
../Core/Src/main.c:75:6:GetDirection	4	static
../Core/Src/main.c:96:6:Joystick	24	static
../Core/Src/main.c:110:6:HAL_TIM_PeriodElapsedCallback	16	static
../Core/Src/main.c:121:5:main	8	static
../Core/Src/main.c:169:6:SystemClock_Config	88	static
../Core/Src/main.c:216:13:MX_ADC1_Init	24	static
../Core/Src/main.c:277:13:MX_TIM4_Init	32	static
../Core/Src/main.c:322:13:MX_USART2_UART_Init	8	static
../Core/Src/main.c:355:13:MX_GPIO_Init	48	static
../Core/Src/main.c:401:6:Error_Handler	4	static,ignoring_inline_asm
