../Core/Src/main.c:68:5:__io_putchar	16	static
../Core/Src/main.c:73:5:__io_getchar	16	static
../Core/Src/main.c:104:5:main	128	static
../Core/Src/main.c:195:6:SystemClock_Config	88	static
../Core/Src/main.c:241:13:MX_USART2_UART_Init	8	static
../Core/Src/main.c:272:13:MX_DMA_Init	16	static
../Core/Src/main.c:290:13:MX_GPIO_Init	48	static
../Core/Src/main.c:333:6:StartDefaultTask	16	static
../Core/Src/main.c:371:6:Task_LED_R	16	static
../Core/Src/main.c:390:6:Task_LED_G	16	static
../Core/Src/main.c:409:6:Task_LED_B	16	static
../Core/Src/main.c:429:6:HAL_TIM_PeriodElapsedCallback	16	static
../Core/Src/main.c:446:6:Error_Handler	4	static,ignoring_inline_asm
