../Core/Src/main.c:70:5:__io_putchar	16	static
../Core/Src/main.c:101:6:Joystick_LEDspeed_ctl	8	static
../Core/Src/main.c:115:6:HAL_TIM_PeriodElapsedCallback	16	static
../Core/Src/main.c:126:5:main	8	static
../Core/Src/main.c:179:6:SystemClock_Config	88	static
../Core/Src/main.c:226:13:MX_ADC1_Init	24	static
../Core/Src/main.c:287:13:MX_TIM3_Init	32	static
../Core/Src/main.c:332:13:MX_USART2_UART_Init	8	static
../Core/Src/main.c:365:13:MX_GPIO_Init	48	static
../Core/Src/main.c:411:6:Error_Handler	4	static,ignoring_inline_asm
