../Core/Src/main.c:84:5:__io_putchar	16	static
../Core/Src/main.c:91:6:GetDirection	4	static
../Core/Src/main.c:113:6:Joystick_Test	32	static
../Core/Src/main.c:143:6:HAL_ADC_ConvCPpltCallback	40	static
../Core/Src/main.c:174:6:HAL_TIM_PeriodElapsedCallback	16	static
../Core/Src/main.c:181:6:HAL_GPIO_EXTI_Callback	16	static
../Core/Src/main.c:192:5:main	32	static
../Core/Src/main.c:247:6:SystemClock_Config	88	static
../Core/Src/main.c:294:13:MX_ADC1_Init	24	static
../Core/Src/main.c:355:13:MX_TIM3_Init	32	static
../Core/Src/main.c:400:13:MX_TIM4_Init	32	static
../Core/Src/main.c:445:13:MX_USART2_UART_Init	8	static
../Core/Src/main.c:476:13:MX_DMA_Init	16	static
../Core/Src/main.c:494:13:MX_GPIO_Init	48	static
../Core/Src/main.c:550:6:Error_Handler	4	static,ignoring_inline_asm
