16:28:36 **** Incremental Build of configuration Debug for project Day5_Timer_LED_Joystick ****
make -j12 all 
arm-none-eabi-gcc "../Core/Src/main.c" -mcpu=cortex-m4 -std=gnu11 -g3 -DDEBUG -DUSE_HAL_DRIVER -DSTM32F411xE -c -I../Core/Inc -I../Drivers/STM32F4xx_HAL_Driver/Inc -I../Drivers/STM32F4xx_HAL_Driver/Inc/Legacy -I../Drivers/CMSIS/Device/ST/STM32F4xx/Include -I../Drivers/CMSIS/Include -O0 -ffunction-sections -fdata-sections -Wall -fstack-usage -fcyclomatic-complexity -MMD -MP -MF"Core/Src/main.d" -MT"Core/Src/main.o" --specs=nano.specs -mfpu=fpv4-sp-d16 -mfloat-abi=hard -mthumb -o "Core/Src/main.o"
../Core/Src/main.c: In function '__io_putchar':
../Core/Src/main.c:72:36: warning: passing argument 2 of 'HAL_UART_Transmit' from incompatible pointer type [-Wincompatible-pointer-types]
   72 |         HAL_UART_Transmit(&huart2, &ch, 1, 100);
      |                                    ^~~
      |                                    |
      |                                    int *
In file included from ../Core/Inc/stm32f4xx_hal_conf.h:411,
                 from ../Drivers/STM32F4xx_HAL_Driver/Inc/stm32f4xx_hal.h:29,
                 from ../Core/Inc/main.h:30,
                 from ../Core/Src/main.c:20:
../Drivers/STM32F4xx_HAL_Driver/Inc/stm32f4xx_hal_uart.h:722:79: note: expected 'const uint8_t *' {aka 'const unsigned char *'} but argument is of type 'int *'
  722 | HAL_StatusTypeDef HAL_UART_Transmit(UART_HandleTypeDef *huart, const uint8_t *pData, uint16_t Size, uint32_t Timeout);
      |                                                                ~~~~~~~~~~~~~~~^~~~~
../Core/Src/main.c: In function 'Joystick_LEDspeed_ctl':
../Core/Src/main.c:110:9: warning: implicit declaration of function 'printf' [-Wimplicit-function-declaration]
  110 |         printf("X : %d, Y = %d, Z = %d \r\n", xVal, yVal, zVal);
      |         ^~~~~~
../Core/Src/main.c:21:1: note: include '<stdio.h>' or provide a declaration of 'printf'
   20 | #include "main.h"
  +++ |+#include <stdio.h>
   21 | 
../Core/Src/main.c:110:9: warning: incompatible implicit declaration of built-in function 'printf' [-Wbuiltin-declaration-mismatch]
  110 |         printf("X : %d, Y = %d, Z = %d \r\n", xVal, yVal, zVal);
      |         ^~~~~~
../Core/Src/main.c:110:9: note: include '<stdio.h>' or provide a declaration of 'printf'
../Core/Src/main.c: In function '__io_putchar':
../Core/Src/main.c:73:1: warning: control reaches end of non-void function [-Wreturn-type]
   73 | }
      | ^
arm-none-eabi-gcc -o "Day5_Timer_LED_Joystick.elf" @"objects.list"   -mcpu=cortex-m4 -T"D:\Ian_Jung\workplace\STM32\Day5_Timer-LED_Joystick\STM32F411RETX_FLASH.ld" --specs=nosys.specs -Wl,-Map="Day5_Timer_LED_Joystick.map" -Wl,--gc-sections -static --specs=nano.specs -mfpu=fpv4-sp-d16 -mfloat-abi=hard -mthumb -Wl,--start-group -lc -lm -Wl,--end-group
Finished building target: Day5_Timer_LED_Joystick.elf
 
arm-none-eabi-size   Day5_Timer_LED_Joystick.elf 
arm-none-eabi-objdump -h -S  Day5_Timer_LED_Joystick.elf  > "Day5_Timer_LED_Joystick.list"
   text	   data	    bss	    dec	    hex	filename
  17692	    112	   2136	  19940	   4de4	Day5_Timer_LED_Joystick.elf
Finished building: default.size.stdout
 
Finished building: Day5_Timer_LED_Joystick.list
 
16:28:38 **** Incremental Build of configuration Debug for project Day5_Timer_LED_Joystick ****
make -j12 all 
arm-none-eabi-size   Day5_Timer_LED_Joystick.elf 
   text	   data	    bss	    dec	    hex	filename
  17692	    112	   2136	  19940	   4de4	Day5_Timer_LED_Joystick.elf
Finished building: default.size.stdout
 
