15:23:51 **** Incremental Build of configuration Debug for project Project_Car ****
make -j12 all 
arm-none-eabi-gcc "../Core/Src/Light_cntr.c" -mcpu=cortex-m4 -std=gnu11 -g3 -DDEBUG -DUSE_HAL_DRIVER -DSTM32F411xE -c -I../Core/Inc -I../Drivers/STM32F4xx_HAL_Driver/Inc -I../Drivers/STM32F4xx_HAL_Driver/Inc/Legacy -I../Drivers/CMSIS/Device/ST/STM32F4xx/Include -I../Drivers/CMSIS/Include -I../Middlewares/Third_Party/FreeRTOS/Source/include -I../Middlewares/Third_Party/FreeRTOS/Source/CMSIS_RTOS -I../Middlewares/Third_Party/FreeRTOS/Source/portable/GCC/ARM_CM4F -O0 -ffunction-sections -fdata-sections -Wall -fstack-usage -fcyclomatic-complexity -MMD -MP -MF"Core/Src/Light_cntr.d" -MT"Core/Src/Light_cntr.o" --specs=nano.specs -mfpu=fpv4-sp-d16 -mfloat-abi=hard -mthumb -o "Core/Src/Light_cntr.o"
arm-none-eabi-gcc -o "Project_Car.elf" @"objects.list"   -mcpu=cortex-m4 -T"F:\Ian_Jung\workplace\Harman_ARM\Project_Car\STM32F411RETX_FLASH.ld" --specs=nosys.specs -Wl,-Map="Project_Car.map" -Wl,--gc-sections -static --specs=nano.specs -mfpu=fpv4-sp-d16 -mfloat-abi=hard -mthumb -Wl,--start-group -lc -lm -Wl,--end-group
Finished building target: Project_Car.elf
 
arm-none-eabi-size   Project_Car.elf 
arm-none-eabi-objdump -h -S  Project_Car.elf  > "Project_Car.list"
   text	   data	    bss	    dec	    hex	filename
  38436	    116	  19252	  57804	   e1cc	Project_Car.elf
Finished building: default.size.stdout
 
Finished building: Project_Car.list
 

15:23:52 Build Finished. 0 errors, 0 warnings. (took 1s.604ms)

